update word 5
update word 9
list names
list quantities
update word 100
