update orange 5
update apple 9
update orange -2
update banana 1
list names
apple: 9
banana: 1
orange: 3
list quantities
banana: 1
orange: 3
apple: 9
update word 100
